    * * * * * * * * * * * * * * * * * * * * *
    *       __    ____    ______            *
    *      /  \  |  _ \  |  ___/  luster !  *
     *    / _  \ | |_| | | |               *
     *   / /_\ | |  _ <  | |     < @  @ >  * 
     *  / ___  | | |_| | | |___ _ _  o     * 
    *  /_/   |_| |____/  |_____ _ __ __  _  *
    *                                       *
    * * * * * * * * * * * * * * * * * * * * *

ABCluster 1.4
Specific flag:  official version
Platform:       Mac OS X
Compiled by:    junzhang@appliance-65.sunray.mediaways.net
Compiling date: Apr  2 2016 23:43:49
C++ compiler:   g++
C++ options:    -O3 -Os --std=c++0x 

Contributors:
Jun Zhang(University of Cologne): Design and coding.

For any suggestions, comments, and questions on the theory and
implementation of ABCluster, please feel free to contact:

Dr. Jun Zhang, ZhangJunQcc@gmail.com

If you used this program in your work, please cite this reference:

[1] Zhang, J.; Dolg, M.; ABCluster: The Artificial Bee Colony Algorithm for
    Cluster Global Optimization. Phys. Chem. Chem. Phys. 2015, 17, 24173-24181.
[2] Zhang, J.; Dolg, M.; Global Optimization of Clusters of Rigid Molecules by the
    Artificial Bee Colony Algorithm. Phys. Chem. Chem. Phys. 2016, 18, 3003-3010.

Program starts at Thu Aug  8 08:14:12 2019.
Command line: " /Users/jakub/WORKDIR/ABCluster/ABCluster-MacOSX/rigidmol-optimizer calc.inp "
Process ID:   71366
Run by:       jakub@student-3.vpn.helsinki.fi
Available CPU cores:    0
Read "OMP_NUM_THREADS": Unset

Random number testing (integers): 93025814...116760882
Random number testing (fractals): 0.68071518...0.22026699

 -- Input/Output Parameters --
Input file name:      calc.inp
Cluster file name:    calc.cluster
Result file name:     calc.(cluster/xyz/gjf)
Temporary file name:  abclusterjakubstudent-3.vpn.helsinki.fi71366-OPT
# of saved LMs:       30
LMs are stored in:    calc-LM

 -- ABC Control Parameters --
Population size:                   30
Maximal generation:               100
Scout limit:                        4
Amplitude:                10.00000000

 -- Cluster Components: from [ calc.cluster ] --
 -------------------------------------------------
   Source                                       #
 -------------------------------------------------
   /Users/jakub/WORKDIR/JKCS2.0/JKCSx/../TOOLS/STRUCTURES/JACOB/msa.xyz     1
   /Users/jakub/WORKDIR/JKCS2.0/JKCSx/../TOOLS/STRUCTURES/JACOB/msam.xyz     0
   /Users/jakub/WORKDIR/JKCS2.0/JKCSx/../TOOLS/STRUCTURES/ABC/nh3.xyz     1
   /Users/jakub/WORKDIR/JKCS2.0/JKCSx/../TOOLS/STRUCTURES/ABC/nh4.xyz     0
   /Users/jakub/WORKDIR/JKCS2.0/JKCSx/../TOOLS/STRUCTURES/ABC/oh.xyz     0
   /Users/jakub/WORKDIR/JKCS2.0/JKCSx/../TOOLS/STRUCTURES/JACOB/aq.xyz     1
   /Users/jakub/WORKDIR/JKCS2.0/JKCSx/../TOOLS/STRUCTURES/JACOB/aqp.xyz     0
 -------------------------------------------------

Artificial Bee Colony Optimization Starts!
----------------------------------------------------------------------------------
 * Population: 30; Maximal cycles: 100
 * EM = Employed Bee; Trigonometric mutation
 * OL = Onlooker Bee; ABC/best/2(0.5)+ABC/current/2(0.5);
        Tournament selection from 5 nectars.
 * SC = Scout Bee; Random nectar; Limit = 4
----------------------------------------------------------------------------------
    #       Diversity            maxE            minE    byEM    byOL    bySC
----------------------------------------------------------------------------------
    1      6.76261249    -63.27703619    -90.44790107      16       2       0
    2      8.90528453    -63.31024813    -96.52668032       9       8       0
    3      7.91884330    -71.76130997    -96.52668032       7       2       0
    4      8.14608369    -71.76130997    -96.52668032       5       0       0
    5      8.14134753    -73.72806099    -96.52668032       3       1       0
    6      7.74443223    -75.40696802    -96.52668032       5       1       1
    7      8.94101866    -63.27704814    -96.52668032       4       0       7
    8     11.59431993    -47.25944976    -96.52667878       7       0      10
    9     17.25312140    -17.00422108    -96.52667878       4       1      11
   10      8.54012083    -71.66142923    -96.52667878       8       2       1
   11      8.12680273    -75.40696802    -96.52668032      11       1       0
   12      8.23113054    -75.40696802    -96.52668032       4       0       2
   13     13.07434775    -33.68363839    -96.52668032       6       1       5
   14     12.57559178    -33.68363839    -96.52668032       5       2       7
   15     11.71608765    -42.48564813    -96.52668032       8       0       6
   16      9.19640207    -58.76617268    -96.52668032       9       1       4
   17      9.91047703    -54.80970147    -96.52668032       9       2       5
   18      8.65950229    -63.27704727    -96.52667878       7       0       2
   19     17.03777830    -22.54268008    -96.52668032       8       2       4
   20     15.78672557    -13.44870853    -96.52668032      10       0       4
   21     14.17047882    -24.24319277    -96.52668032       6       0       7
   22      8.02291582    -72.54230788    -96.52668032       5       0       1
   23     12.29259304    -43.03701116    -96.52668032       8       2       7
   24     10.38692483    -59.76337208    -96.52668032      10       0       3
   25     16.54773410     -8.86969508    -96.52668032       9       0       5
   26     16.95675970     -8.86969508    -96.52668032       5       0       5
   27     10.46848415    -60.38599790    -96.52668032       5       0       4
   28      9.94307567    -63.43090419    -96.52668032       4       0       5
   29      8.61390911    -64.77835333    -96.52668032      10       2       4
   30     12.88786708    -41.76682675    -96.52668032       6       0       6
   31     11.94931989    -41.76682675    -96.52668032       8       1       3
   32     14.13276471    -35.83117463    -96.52668032      10       0       4
   33      8.40179186    -63.31025876    -96.52668032       7       0       4
   34      9.68630356    -58.22306203    -96.52668032       2       0       5
   35     12.89769482    -37.59454170    -96.52668032       5       1       6
   36      9.00622649    -64.77836380    -96.52667878      11       1       4
   37     16.62014767     -8.21006284    -96.52667878       6       0       5
   38     16.46534051    -23.35256892    -96.52667878       8       0       5
   39     16.07412026    -18.76598966    -96.52667878       8       0       4
   40      9.61212006    -70.80580000    -96.52667878       6       2       3
   41      8.56906360    -70.80580000    -96.52668032       4       0       6
   42      9.14826337    -63.27704814    -96.52668032       7       1       5
   43     11.73002219    -44.31289473    -96.52668032      11       0       3
   44     13.27592403    -25.52421273    -96.52668032       7       4       3
   45     16.22393979     -9.20393779    -96.52668032       6       1       4
   46     12.49243215    -37.43583846    -96.52668032      10       2       3
   47     12.10676395    -39.70673633    -96.52668032       7       0       7
   48      9.78909400    -64.77836439    -96.52667878       9       0       6
   49     11.45586244    -44.26736741    -96.52667878      12       0       3
   50     14.14092692    -23.54069417    -96.52667878       8       0       4
   51     13.28986414    -31.43859691    -96.52667878       8       1       2
   52      9.21012251    -63.27703619    -96.52667878       7       3       1
   53     17.05022081    -15.01106915    -96.52668032       4       0       9
   54  11608.65546955  64593.80171054    -96.52668032       9       0       7
   55     17.12174561    -12.01493223    -96.52668032       8       2       4
   56      9.09898809    -63.27704814    -96.52668032       9       1       2
   57      8.33112186    -69.62032685    -96.52668032       8       1       3
   58     12.08125895    -38.44803318    -96.52668032      11       2       4
   59      7.89553416    -75.40696802    -96.52668032       7       0       2
   60      9.83129630    -63.27703619    -96.52668032       4       0       8
   61     20.62550896     -5.79792633    -96.52668032       8       2       7
   62     16.56363999     -5.79792633    -96.52668032       8       2       1
   63     14.00201942    -32.64324982    -96.52667878       7       2       3
   64     15.94329689    -30.41881406    -96.52667878       6       2       6
   65     13.06989157    -44.05893300    -96.52667878      10       7       5
   66      8.47005800    -75.40694885    -96.52667878      10       0       2
   67      8.23935765    -76.06989554    -96.52668032       3       4       3
   68     10.79112863    -43.98887455    -96.52668032       1       0       6
   69      9.04686656    -58.58020664    -96.52668032       8       3       5
   70      8.36911523    -63.31024814    -96.52667878       6       2       3
   71      9.72901352    -63.31024814    -96.52668032       5       4       3
   72      9.29567146    -63.27703619    -96.52667878       6       0       7
   73     10.16753561    -56.77999785    -96.52667878       5       1       4
   74      9.14405124    -61.77156460    -96.52667878      11       3       5
   75     13.32407948    -32.77088858    -96.52667878       5       1       4
   76      9.38630810    -61.77156460    -96.52668032       7       2       3
   77     10.15908436    -63.31025876    -96.52668032       4       3       4
   78     10.51010039    -63.31025876    -96.52668032       5       2       5
   79     13.08271928    -46.66425550    -96.52668032       8       0       4
   80      9.27024616    -63.27704813    -96.52668032       7       0       8
   81      9.24793965    -69.62032353    -96.52668032       7       4       1
   82      9.40628855    -63.27704814    -96.52668032      10       0       3
   83     13.10644995    -28.66708142    -96.52668032       8       1       7
   84     13.05607160    -38.25423056    -96.52668032      10       1       4
   85      8.37572152    -71.76130997    -96.52668032      10       1       4
   86      8.34621512    -72.54230844    -96.52668032       6       0       3
   87     18.17092269     -6.35305442    -96.52668032       4       2       4
   88      8.93514628    -71.66143178    -96.52668032       5       2       3
   89     14.46305631    -19.06482046    -96.52668032       5       0       7
   90  55794.75189304 310743.96536281    -96.52667878       8       1       6
   91     16.11006714    -18.69225597    -96.52668032       5       3       5
   92     12.18461547    -41.30345298    -96.52668032       9       1       2
   93      9.73862908    -58.80743356    -96.52668032       5       0       4
   94     10.13004475    -63.27703618    -96.52667878       7       2       5
   95      9.06620582    -70.80579973    -96.52667878       4       1       4
   96     18.06621513    -15.06937988    -96.52668032       6       1       9
   97      8.18264753    -71.24410377    -96.52668032      12       3       1
   98     14.88870580     -9.39981014    -96.52667878       2       3       6
   99      9.00331902    -71.76130980    -96.52667878       6       6       2
  100     11.80510160    -35.59206574    -96.52667878      10       0       2
----------------------------------------------------------------------------------
Artificial Bee Colony Optimization Finished!

 -- Results Report --
 * 30 LMs will be saved in [ calc-LM ].
      #          Energy
      0    -96.52668032
      1    -96.52665987
      2    -90.44792478
      3    -90.44790107
      4    -87.53811373
      5    -87.51504183
      6    -86.54732705
      7    -80.47477423
      8    -80.47475601
      9    -79.28482531
     10    -79.28481340
     11    -78.99086912
     12    -78.99085743
     13    -78.32777828
     14    -78.32776480
     15    -78.18319824
     16    -77.72574422
     17    -77.10945414
     18    -77.10943583
     19    -76.06989430
     20    -76.06987521
     21    -75.40696802
     22    -75.40694884
     23    -74.90563657
     24    -74.62588855
     25    -74.62587013
     26    -73.72806099
     27    -73.72803550
     28    -73.70446104
     29    -73.70444966

 * Final Global Minimal Energy:    -96.52668032
 * The Global Minimum is saved as: [ calc-OPT.(cluster/xyz/gjf) ]

===== (^ _ ^) =====
Normal termination at Thu Aug  8 08:14:19 2019.
Total run time: 7 seconds = 0 days 0 hours 0 minutes 7 seconds.
