                                                      
       * * * * * * * * * * * * * * * * * *            
      *       ____   _____ _           _   *          
     *  /\   |  _ \ / ____| |         | |  * * * * *  
    *  /  \  | |_) | |    | |_   _ ___| |_ ___ _ __  *
   *  / /\ \ |  _ <| |    | | | | / __| __/ _ \ '__| *
  *  / ____ \| |_) | |____| | |_| \__ \ ||  __/ |  *  
  * /_/    \_\____/ \_____|_|\__,_|___/\__\___|_|  *  
  *                                                *  
  * * * * * * * * * * * * * * * * * * * * * * * * *   
                                                      

ABCluster 2.0
Specific flag:  official version
Platform:       LINUX/UNIX
Compiled by:    junzhang@gellmann.scs.illinois.edu
Compiling date: Jul 30 2018 10:38:43
C++ compiler:   g++
C++ options:    -O3 -Os -fno-exceptions --std=c++0x -fopenmp -fPIC -msse4 

Contributors:
Jun Zhang(University of Cologne): Design and coding.

For any suggestions, comments, and questions on the theory and
implementation of ABCluster, please feel free to contact:

Dr. Jun Zhang, ZhangJunQcc@gmail.com

If you used this program in your work, please cite this reference:

[1] Zhang, J.; Dolg, M.; ABCluster: The Artificial Bee Colony Algorithm for
    Cluster Global Optimization. Phys. Chem. Chem. Phys. 2015, 17, 24173-24181.
[2] Zhang, J.; Dolg, M.; Global Optimization of Clusters of Rigid Molecules by the
    Artificial Bee Colony Algorithm. Phys. Chem. Chem. Phys. 2016, 18, 3003-3010.

Program starts at Wed Sep  4 17:24:02 2019.
Command line: " /wrk/kubeckaj/DONOTREMOVE/Apps/ABCluster-2.0-Linux/rigidmol-optimizer calc.inp "
Process ID:   41048
Run by:       kubeckaj@taito-login3.csc.fi
Available CPU cores:    16
Read "OMP_NUM_THREADS": Unset

Random number testing (integers): 108217190...1149082847
Random number testing (fractals): 0.11445905...0.35515645

 -- Input/Output Parameters --
Input file name:      calc.inp
Cluster file name:    calc.cluster
Result file name:     calc.(cluster/xyz/gjf)
Temporary file name:  abclusterkubeckajtaito-login3.csc.fi41048-OPT
# of saved LMs:       600
LMs are stored in:    calc-LM

 -- ABC Control Parameters --
Population size:                   10
Maximal generation:                10
Scout limit:                        4
Amplitude:                 9.00000000

 -- Cluster Components: from [ calc.cluster ] --
 -----------------------------------------------------------
   Source                                       #   Charge
 -----------------------------------------------------------
   /wrk/kubeckaj/DONOTREMOVE/Apps/JKCS2.0/JKCSx/../TOOLS/STRUCTURES/ABC/oh.xyz     1   -1.000
   /wrk/kubeckaj/DONOTREMOVE/Apps/JKCS2.0/JKCSx/../TOOLS/STRUCTURES/JACOB/aq.xyz     0    0.000
   /wrk/kubeckaj/DONOTREMOVE/Apps/JKCS2.0/JKCSx/../TOOLS/STRUCTURES/JACOB/aqp.xyz     1    1.000
 -----------------------------------------------------------
   Dimension: 0, an isolate cluster.
 -----------------------------------------------------------
   External electric field:           0.00000000 Volt/Angstrom
 -----------------------------------------------------------

Artificial Bee Colony Optimization Starts!
----------------------------------------------------------------------------------
 * Population: 10; Maximal cycles: 10
 * EM = Employed Bee; Trigonometric mutation
 * OL = Onlooker Bee; ABC/best/2(0.5)+ABC/current/2(0.5);
        Tournament selection from 5 nectars.
 * SC = Scout Bee; Random nectar; Limit = 4
----------------------------------------------------------------------------------
    #       Diversity            maxE            minE    byEM    byOL    bySC
----------------------------------------------------------------------------------
    1      0.07707956   -732.60201619   -732.79754763       5       0       0
    2      0.05998432   -732.63129018   -732.79754619       2       2       0
    3      0.04292614   -732.64928492   -732.79754619       1       0       0
    4      0.00719579   -732.77955795   -732.79754619       3       0       0
    5      0.00539685   -732.77955795   -732.79754619       1       0       0
    6      0.00539685   -732.77955795   -732.79754619       0       0       1
    7      0.08410978   -732.60201619   -732.79754742       1       0       5
    8      0.07039850   -732.60201619   -732.79754764       4       0       3
    9      0.04822998   -732.63129018   -732.79754764       3       0       1
   10      0.00824376   -732.77955795   -732.79754764       3       0       0
----------------------------------------------------------------------------------
Artificial Bee Colony Optimization Finished!

 -- Results Report --
 * 6 LMs will be saved in [ calc-LM ].
      #          Energy
      0   -732.79754763
      1   -732.77955795
      2   -732.64928492
      3   -732.63129018
      4   -732.62001248
      5   -732.60201619

 * Final Global Minimal Energy:   -732.79754763
 * The Global Minimum is saved as: [ calc-OPT.(cluster/xyz/gjf) ]

===== (^ _ ^) =====
Normal termination at Wed Sep  4 17:24:02 2019.
Total run time: 0 seconds = 0 days 0 hours 0 minutes 0 seconds.
