    * * * * * * * * * * * * * * * * * * * * *
    *       __    ____    ______            *
    *      /  \  |  _ \  |  ___/  luster !  *
     *    / _  \ | |_| | | |               *
     *   / /_\ | |  _ <  | |     < @  @ >  * 
     *  / ___  | | |_| | | |___ _ _  o     * 
    *  /_/   |_| |____/  |_____ _ __ __  _  *
    *                                       *
    * * * * * * * * * * * * * * * * * * * * *

ABCluster 1.4
Specific flag:  official version
Platform:       Mac OS X
Compiled by:    junzhang@appliance-65.sunray.mediaways.net
Compiling date: Apr  2 2016 23:43:49
C++ compiler:   g++
C++ options:    -O3 -Os --std=c++0x 

Contributors:
Jun Zhang(University of Cologne): Design and coding.

For any suggestions, comments, and questions on the theory and
implementation of ABCluster, please feel free to contact:

Dr. Jun Zhang, ZhangJunQcc@gmail.com

If you used this program in your work, please cite this reference:

[1] Zhang, J.; Dolg, M.; ABCluster: The Artificial Bee Colony Algorithm for
    Cluster Global Optimization. Phys. Chem. Chem. Phys. 2015, 17, 24173-24181.
[2] Zhang, J.; Dolg, M.; Global Optimization of Clusters of Rigid Molecules by the
    Artificial Bee Colony Algorithm. Phys. Chem. Chem. Phys. 2016, 18, 3003-3010.

Program starts at Thu Aug  8 08:14:06 2019.
Command line: " /Users/jakub/WORKDIR/ABCluster/ABCluster-MacOSX/rigidmol-optimizer calc.inp "
Process ID:   71300
Run by:       jakub@student-3.vpn.helsinki.fi
Available CPU cores:    0
Read "OMP_NUM_THREADS": Unset

Random number testing (integers): 92924972...569393035
Random number testing (fractals): 0.12134394...0.24190557

 -- Input/Output Parameters --
Input file name:      calc.inp
Cluster file name:    calc.cluster
Result file name:     calc.(cluster/xyz/gjf)
Temporary file name:  abclusterjakubstudent-3.vpn.helsinki.fi71300-OPT
# of saved LMs:       30
LMs are stored in:    calc-LM

 -- ABC Control Parameters --
Population size:                   30
Maximal generation:               100
Scout limit:                        4
Amplitude:                10.00000000

 -- Cluster Components: from [ calc.cluster ] --
 -------------------------------------------------
   Source                                       #
 -------------------------------------------------
   /Users/jakub/WORKDIR/JKCS2.0/JKCSx/../TOOLS/STRUCTURES/JACOB/msa.xyz     1
   /Users/jakub/WORKDIR/JKCS2.0/JKCSx/../TOOLS/STRUCTURES/JACOB/msam.xyz     0
   /Users/jakub/WORKDIR/JKCS2.0/JKCSx/../TOOLS/STRUCTURES/ABC/nh3.xyz     0
   /Users/jakub/WORKDIR/JKCS2.0/JKCSx/../TOOLS/STRUCTURES/ABC/nh4.xyz     1
   /Users/jakub/WORKDIR/JKCS2.0/JKCSx/../TOOLS/STRUCTURES/ABC/oh.xyz     1
   /Users/jakub/WORKDIR/JKCS2.0/JKCSx/../TOOLS/STRUCTURES/JACOB/aq.xyz     0
   /Users/jakub/WORKDIR/JKCS2.0/JKCSx/../TOOLS/STRUCTURES/JACOB/aqp.xyz     0
 -------------------------------------------------

Artificial Bee Colony Optimization Starts!
----------------------------------------------------------------------------------
 * Population: 30; Maximal cycles: 100
 * EM = Employed Bee; Trigonometric mutation
 * OL = Onlooker Bee; ABC/best/2(0.5)+ABC/current/2(0.5);
        Tournament selection from 5 nectars.
 * SC = Scout Bee; Random nectar; Limit = 4
----------------------------------------------------------------------------------
    #       Diversity            maxE            minE    byEM    byOL    bySC
----------------------------------------------------------------------------------
    1     22.65178138   -706.73553362   -755.49912820      16       0       0
    2     22.30282137   -709.99429771   -755.49912820       6       1       0
    3     20.62234749   -709.99429771   -755.49912820       5       0       0
    4     17.98611443   -709.99429771   -755.49912820       4       0       0
    5     13.45692095   -710.64272503   -755.49912820       3       0       0
    6     15.24824500   -710.64272503   -755.49912820       1       0       5
    7     95.12572200   -361.00868319   -755.49912820       0       0      16
    8    110.02322919   -245.75158493   -755.49912820       9       0       7
    9     22.42664191   -709.99429771   -755.49912820       7       0       2
   10     21.23790563   -709.99429771   -755.49912820       5       0       0
   11     29.31573352   -627.74418318   -755.49912820       0       0       4
   12     30.09534437   -621.45891340   -755.49912820       2       0       5
   13     70.00510500   -462.95264798   -755.49912820       7       0      13
   14     22.19811042   -706.73553362   -755.49912820       7       0       2
   15     27.50177847   -664.09820242   -755.49912820       7       0       5
   16     22.25295329   -709.99429771   -755.49912820       5       0       1
   17     26.31576116   -654.36763982   -755.49912820       2       0       4
   18     33.16506492   -634.46874591   -755.49912820       7       0       8
   19     32.21615334   -601.43315098   -755.49912820       6       0       5
   20     20.68860423   -709.99429771   -755.49912820       6       0       8
   21     20.72161933   -709.99429771   -755.49912820       3       0       3
   22     16.81415642   -709.99429771   -755.49912820       6       0       2
   23     19.98032197   -709.99429771   -755.49912820       1       0       8
   24     31.28719615   -603.27593353   -755.49912820       3       0       3
   25     26.06078214   -653.45704665   -755.49912820       3       0       8
   26     78.76106960   -317.26298775   -755.49912820       4       0       6
   27     21.75896170   -709.99429771   -755.49912820       4       0       4
   28     88.26542602   -301.23458595   -755.49912820       4       0       6
   29     71.88031272   -369.92060179   -755.49912820       8       0       4
   30     20.62234749   -709.99429771   -755.49912820       3       0       4
   31     57.90658507   -439.95087684   -755.49912820       1       0       5
   32     27.56421963   -633.67198024   -755.49912820       6       0       8
   33     42.92885175   -551.39132095   -755.49912820       3       0       4
   34     40.17225005   -549.40240136   -755.49912820       4       0       4
   35     44.78871441   -527.87807579   -755.49912820       5       0       8
   36     95.12450845   -237.19033677   -755.49912820       9       0       4
   37     20.83124538   -706.73553362   -755.49912820       6       0       3
   38     21.26857064   -709.99429771   -755.49912820       4       0       7
   39     21.73049753   -709.99429771   -755.49912820       2       0       2
   40     38.41929595   -560.71361336   -755.49912820       2       0       6
   41     38.60680413   -557.72341927   -755.49912820       5       0       7
   42     22.49483997   -709.99429771   -755.49912820       5       0       5
   43    115.88014759   -284.97217344   -755.49912820       7       0       5
   44     82.19061392   -297.39178588   -755.49912820       8       0       4
   45     21.73049753   -709.99429771   -755.49912820       5       0       6
   46     22.02853396   -709.99429771   -755.49912820       3       0       1
   47     47.91555883   -494.18432921   -755.49912820       3       0      10
   48     27.97418970   -638.96300392   -755.49912820      11       0       4
   49     24.11777952   -679.22978405   -755.49912820       6       0       3
   50     39.91840700   -551.20392511   -755.49912820       3       0       6
   51     19.12947623   -709.99429771   -755.49912820       9       0       3
   52     26.44771560   -638.37623613   -755.49912820       3       0       4
   53     27.55727072   -664.14359010   -755.49912820       3       0       8
   54     24.28480001   -677.81490062   -755.49912820       7       0       5
   55     22.35249459   -709.99429771   -755.49912820       3       0       4
   56     48.70152682   -543.16232517   -755.49912820       6       0       7
   57     21.17637622   -709.99429771   -755.49912820       9       0       3
   58     27.93481501   -626.76096204   -755.49912820       4       0       3
   59     24.79861354   -666.71752104   -755.49912820       2       0       7
   60     79.98376678   -316.32598267   -755.49912820       5       0       5
   61     22.39126057   -706.73553362   -755.49912820       7       0       4
   62     45.78700028   -568.69901399   -755.49912820      11       0       8
   63     19.05101543   -709.99429771   -755.49912820       8       0       4
   64     41.69550142   -533.03352997   -755.49912820       4       0       2
   65     19.90846217   -709.99429771   -755.49912820       2       0       6
   66     19.83624783   -710.64272504   -755.49912820       3       0       2
   67     24.41491630   -676.42341911   -755.49912820       1       0       8
   68     22.50078320   -709.99429771   -755.49912820       5       0       8
   69     28.14868000   -635.71217988   -755.49912820      10       0       4
   70     32.75166014   -635.71217988   -755.49912820       5       0       4
   71     22.62263687   -689.88132048   -755.49912820       4       0       3
   72     43.14260184   -529.57751673   -755.49912820       5       0       3
   73     32.71558244   -601.60449853   -755.49912820       7       0       9
   74     42.85788553   -601.60449853   -755.49912820       3       0       6
   75     20.86202386   -698.97861973   -755.49912820       7       0       4
   76     31.07089039   -610.51801558   -755.49912820       4       0       4
   77     19.87239955   -709.99429771   -755.49912820       5       0       3
   78     21.73049753   -709.99429771   -755.49912820       2       0       7
   79     22.37725854   -709.99429771   -755.49912820       2       0       5
   80     22.51557153   -709.99429771   -755.49912820       5       0      10
   81     24.51299889   -672.13755638   -755.49912820       5       0       1
   82     21.64475094   -709.99429771   -755.49912820       3       0       5
   83     22.25295329   -709.99429771   -755.49912820       3       0       4
   84     30.14533764   -626.31796434   -755.49912820       4       0       7
   85     24.54665872   -669.65971350   -755.49912820       6       0       3
   86     95.43678513   -238.54948643   -755.49912820       4       0       9
   87     37.69251835   -563.98654249   -755.49912820       8       0       3
   88     78.23064110   -315.75901226   -755.49912820       4       0       4
   89     35.84097915   -593.13410470   -755.49912820       6       0       6
   90     29.44443129   -627.73081565   -755.49912820       7       0       5
   91     23.54558191   -681.23942902   -755.49912820       8       1       3
   92     20.65551373   -709.99429771   -755.49912820       7       0       4
   93     22.10834407   -709.99429771   -755.49912820       2       0       8
   94     22.27791177   -709.99429771   -755.49912820       4       0       4
   95     38.96486603   -569.73983485   -755.49912820       3       0       5
   96     71.63765223   -359.02668287   -755.49912820       4       0       5
   97     93.81137629   -225.89418245   -755.49912820       7       0       4
   98     65.97616159   -388.90731238   -755.49912820       4       0       7
   99     22.08179391   -709.99429771   -755.49912820       7       0       6
  100     22.08179391   -709.99429771   -755.49912820       5       0       4
----------------------------------------------------------------------------------
Artificial Bee Colony Optimization Finished!

 -- Results Report --
 * 30 LMs will be saved in [ calc-LM ].
      #          Energy
      0   -755.49912820
      1   -710.64272504
      2   -709.99429771
      3   -706.73553362
      4   -698.97861973
      5   -693.50067566
      6   -693.26375152
      7   -690.41530029
      8   -689.88132048
      9   -684.02438494
     10   -683.91038861
     11   -683.72121910
     12   -681.23942902
     13   -679.22978405
     14   -677.81490062
     15   -676.42341911
     16   -672.13755638
     17   -671.38438935
     18   -670.14045687
     19   -669.65971350
     20   -669.18856072
     21   -666.71752104
     22   -664.14359010
     23   -664.09820242
     24   -659.30879474
     25   -658.40290407
     26   -654.36763982
     27   -653.45704665
     28   -650.33602802
     29   -641.74430959

 * Final Global Minimal Energy:   -755.49912820
 * The Global Minimum is saved as: [ calc-OPT.(cluster/xyz/gjf) ]

===== (^ _ ^) =====
Normal termination at Thu Aug  8 08:14:12 2019.
Total run time: 6 seconds = 0 days 0 hours 0 minutes 6 seconds.
