    * * * * * * * * * * * * * * * * * * * * *
    *       __    ____    ______            *
    *      /  \  |  _ \  |  ___/  luster !  *
     *    / _  \ | |_| | | |               *
     *   / /_\ | |  _ <  | |     < @  @ >  * 
     *  / ___  | | |_| | | |___ _ _  o     * 
    *  /_/   |_| |____/  |_____ _ __ __  _  *
    *                                       *
    * * * * * * * * * * * * * * * * * * * * *

ABCluster 1.4
Specific flag:  official version
Platform:       Mac OS X
Compiled by:    junzhang@appliance-65.sunray.mediaways.net
Compiling date: Apr  2 2016 23:43:49
C++ compiler:   g++
C++ options:    -O3 -Os --std=c++0x 

Contributors:
Jun Zhang(University of Cologne): Design and coding.

For any suggestions, comments, and questions on the theory and
implementation of ABCluster, please feel free to contact:

Dr. Jun Zhang, ZhangJunQcc@gmail.com

If you used this program in your work, please cite this reference:

[1] Zhang, J.; Dolg, M.; ABCluster: The Artificial Bee Colony Algorithm for
    Cluster Global Optimization. Phys. Chem. Chem. Phys. 2015, 17, 24173-24181.
[2] Zhang, J.; Dolg, M.; Global Optimization of Clusters of Rigid Molecules by the
    Artificial Bee Colony Algorithm. Phys. Chem. Chem. Phys. 2016, 18, 3003-3010.

Program starts at Thu Aug  8 08:13:54 2019.
Command line: " /Users/jakub/WORKDIR/ABCluster/ABCluster-MacOSX/rigidmol-optimizer calc.inp "
Process ID:   71202
Run by:       jakub@student-3.vpn.helsinki.fi
Available CPU cores:    0
Read "OMP_NUM_THREADS": Unset

Random number testing (integers): 92723288...1474657341
Random number testing (fractals): 0.00260146...0.28519037

 -- Input/Output Parameters --
Input file name:      calc.inp
Cluster file name:    calc.cluster
Result file name:     calc.(cluster/xyz/gjf)
Temporary file name:  abclusterjakubstudent-3.vpn.helsinki.fi71202-OPT
# of saved LMs:       30
LMs are stored in:    calc-LM

 -- ABC Control Parameters --
Population size:                   30
Maximal generation:               100
Scout limit:                        4
Amplitude:                10.00000000

 -- Cluster Components: from [ calc.cluster ] --
 -------------------------------------------------
   Source                                       #
 -------------------------------------------------
   /Users/jakub/WORKDIR/JKCS2.0/JKCSx/../TOOLS/STRUCTURES/JACOB/msa.xyz     0
   /Users/jakub/WORKDIR/JKCS2.0/JKCSx/../TOOLS/STRUCTURES/JACOB/msam.xyz     1
   /Users/jakub/WORKDIR/JKCS2.0/JKCSx/../TOOLS/STRUCTURES/ABC/nh3.xyz     0
   /Users/jakub/WORKDIR/JKCS2.0/JKCSx/../TOOLS/STRUCTURES/ABC/nh4.xyz     1
   /Users/jakub/WORKDIR/JKCS2.0/JKCSx/../TOOLS/STRUCTURES/ABC/oh.xyz     0
   /Users/jakub/WORKDIR/JKCS2.0/JKCSx/../TOOLS/STRUCTURES/JACOB/aq.xyz     1
   /Users/jakub/WORKDIR/JKCS2.0/JKCSx/../TOOLS/STRUCTURES/JACOB/aqp.xyz     0
 -------------------------------------------------

Artificial Bee Colony Optimization Starts!
----------------------------------------------------------------------------------
 * Population: 30; Maximal cycles: 100
 * EM = Employed Bee; Trigonometric mutation
 * OL = Onlooker Bee; ABC/best/2(0.5)+ABC/current/2(0.5);
        Tournament selection from 5 nectars.
 * SC = Scout Bee; Random nectar; Limit = 4
----------------------------------------------------------------------------------
    #       Diversity            maxE            minE    byEM    byOL    bySC
----------------------------------------------------------------------------------
    1      0.00135540   -567.14865158   -567.15189006      16       0       0
    2      0.00093427   -567.14865158   -567.15189006       7       0       0
    3      0.00082238   -567.14865158   -567.15189006       6       0       0
    4      0.00063125   -567.14865158   -567.15189006       5       0       0
    5      0.00025993   -567.15112540   -567.15189006       3       0       0
    6      7.05621093   -527.84244998   -567.15189006       3       0       5
    7     50.47768886   -359.07190514   -567.15189006       3       0      13
    8     20.62261448   -484.06621110   -567.15189006       8       0       9
    9     18.66340198   -484.06621110   -567.15189006       9       0       3
   10      0.00082470   -567.14865158   -567.15189006       5       0       0
   11     40.48891583   -341.59344742   -567.15189006       2       0       1
   12      9.63758538   -513.46192114   -567.15189006       4       0       5
   13     39.22683203   -367.99738796   -567.15189006       2       0      12
   14     24.57948600   -430.22249164   -567.15189006      11       0       7
   15     25.79524702   -431.70515884   -567.15189006       6       0       4
   16      7.12994233   -527.43168243   -567.15189006       5       0       1
   17     24.26815679   -431.95713297   -567.15189006       8       0       3
   18     49.86296687   -290.85208799   -567.15189006       2       0       4
   19     31.33254449   -416.38207543   -567.15189006       6       0      10
   20     69.12204814   -203.86737590   -567.15189006       9       0       7
   21      0.00109153   -567.14865158   -567.15189006       8       0       2
   22     41.88087450   -353.84484801   -567.15189006       6       0       4
   23      9.90786883   -527.43168243   -567.15189006       3       0       2
   24     31.89144592   -389.48877627   -567.15189006       7       0       3
   25     43.25374265   -352.84862740   -567.15189006       5       0      11
   26     34.86674274   -375.64389901   -567.15189006       7       0       5
   27     13.49888859   -527.43168242   -567.15189006       6       0       5
   28     24.19806712   -432.34781600   -567.15189006       5       0       1
   29     19.09916483   -460.75308754   -567.15189006       2       0       3
   30     28.45138994   -416.38131856   -567.15189006       2       0       7
   31     30.58238838   -406.07849126   -567.15189006       5       0      10
   32     40.24905297   -375.46045574   -567.15189006       6       0       4
   33     19.75983752   -463.09924144   -567.15189006       8       0       5
   34      0.00062581   -567.14865158   -567.15189006       4       0       2
   35      7.12805962   -527.44230257   -567.15189006       4       0       2
   36     26.70838560   -426.20316415   -567.15189006       1       0       9
   37     34.52586894   -394.36568183   -567.15189006       8       0       6
   38     72.65124902   -183.79551035   -567.15189006       6       0       5
   39     11.91493893   -527.43168243   -567.15189006       7       0       6
   40     17.60369561   -476.10326722   -567.15189006       4       0       2
   41     13.34446117   -520.31879014   -567.15189006       6       0       4
   42     15.65344095   -488.12372948   -567.15189006       2       0       6
   43     19.46352890   -469.51202473   -567.15189006       6       0       7
   44     32.32200231   -411.87721346   -567.15189006       8       0       5
   45     69.30360840   -181.07082493   -567.15189006       8       0       3
   46      9.90288459   -527.44230257   -567.15189006       6       0       5
   47      0.00063125   -567.14865158   -567.15189006       7       0       4
   48     19.73206348   -457.22702784   -567.15189006       3       0       6
   49     20.74819498   -457.22702784   -567.15189006       6       0       4
   50     50.72196799   -286.01777938   -567.15189006       4       0       5
   51      0.00108324   -567.14865158   -567.15189006       6       0       5
   52     10.29484522   -509.80033936   -567.15189006       4       0       5
   53     56.18629751   -310.39355365   -567.15189006       5       0       7
   54      7.12472760   -527.46067413   -567.15189006       6       0       3
   55      9.90294227   -527.44230257   -567.15189006       3       0       3
   56     52.42408808   -348.14740600   -567.15189006       4       0       7
   57     51.89874995   -281.00559566   -567.15189006       6       0       7
   58      0.00108769   -567.14865158   -567.15189006       9       0       3
   59     27.53686842   -421.25594188   -567.15189006       8       0       7
   60     10.56378744   -522.33739856   -567.15189006       4       0       4
   61      7.12804542   -527.44230257   -567.15189006       4       0       2
   62     14.84005581   -484.47965341   -567.15189006       7       0       5
   63     37.76583258   -361.03796806   -567.15189006       4       0       5
   64     22.30787251   -442.87744432   -567.15189006       5       0       8
   65     15.85167003   -478.84426253   -567.15189006       7       0       6
   66      8.38244350   -527.46067413   -567.15189006       4       0       3
   67      7.12474180   -527.46067413   -567.15189006       3       0       3
   68     35.07366251   -371.76117176   -567.15189006       4       0       3
   69      7.12993650   -527.43168243   -567.15189006       4       0       8
   70     46.63866206   -319.47540019   -567.15189006       6       0      11
   71      0.00108769   -567.14865158   -567.15189006       7       0       2
   72      7.47102077   -525.53163487   -567.15189006       4       0       2
   73     72.57065814   -257.43890822   -567.15189006       6       0       4
   74     67.69794166   -190.01571086   -567.15189006       4       0       4
   75     51.79673170   -283.03891113   -567.15189006       2       0       9
   76   5568.03913856  30452.96021605   -567.15189006       9       0       5
   77      7.12797114   -527.44230256   -567.15189006       5       0       6
   78      0.00028497   -567.15112540   -567.15189006      10       0       2
   79      0.00060276   -567.14865158   -567.15189006       4       0       2
   80     40.65550622   -349.48016436   -567.15189006       2       0       4
   81     27.88396283   -426.40814835   -567.15189006       4       0      10
   82      7.12469810   -527.46067413   -567.15189006       7       0       7
   83      0.00096588   -567.14865158   -567.15189006       7       0       5
   84      0.00063125   -567.14865158   -567.15189006       5       0       2
   85      7.12995179   -527.43168243   -567.15189006       2       0       3
   86     18.06821908   -466.49592816   -567.15189006       3       0       4
   87     42.65083437   -333.29004373   -567.15189006       6       0       7
   88     47.29044863   -328.51008736   -567.15189006       7       0       9
   89      7.12468281   -527.46067411   -567.15189006       9       0       5
   90     30.30721534   -398.31427691   -567.15189006       7       0       3
   91      0.00019074   -567.15112540   -567.15189006       6       0       1
   92      7.12996599   -527.43168242   -567.15189006       2       0       4
   93     31.81265788   -395.97846124   -567.15189006       3       0       7
   94     22.92754981   -458.10266461   -567.15189006       5       0       8
   95     59.92173326   -234.93717008   -567.15189006       7       1       6
   96     46.92684386   -344.32602676   -567.15189006       9       0       5
   97      0.00082226   -567.14865158   -567.15189006       5       0       0
   98      6.05107789   -533.44193202   -567.15189006       5       0       5
   99     39.88856336   -392.42727498   -567.15189006       4       0       4
  100     16.33886928   -483.87264915   -567.15189006       3       0       8
----------------------------------------------------------------------------------
Artificial Bee Colony Optimization Finished!

 -- Results Report --
 * 30 LMs will be saved in [ calc-LM ].
      #          Energy
      0   -567.15189006
      1   -567.15112540
      2   -567.14865158
      3   -549.02114237
      4   -541.14263054
      5   -539.04160726
      6   -533.44193202
      7   -527.84244998
      8   -527.46067411
      9   -527.44230257
     10   -527.43168241
     11   -525.53163487
     12   -524.95502820
     13   -523.87937029
     14   -522.33739856
     15   -521.08455719
     16   -520.63823887
     17   -520.31879014
     18   -517.25529701
     19   -516.51212077
     20   -515.74952311
     21   -514.75120339
     22   -513.46192114
     23   -509.80033936
     24   -507.05248196
     25   -501.71569635
     26   -500.41422857
     27   -498.52154404
     28   -496.38402907
     29   -489.41801797

 * Final Global Minimal Energy:   -567.15189006
 * The Global Minimum is saved as: [ calc-OPT.(cluster/xyz/gjf) ]

===== (^ _ ^) =====
Normal termination at Thu Aug  8 08:14:00 2019.
Total run time: 6 seconds = 0 days 0 hours 0 minutes 6 seconds.
